// Jest Snapshot v1, https://goo.gl/fbAQLP

exports[`<Dialog /> should match snapshot 1`] = `
<DocumentFragment>
  <div
    class="sc-bdfBwQ ibXtcp"
    data-testid="dialog-wrapper"
  >
    <div
      class="sc-gsTCUz jNtGXC"
      style="opacity: 0;"
    >
      <div
        class="sc-dIUggk hduPgm"
      >
        <span>
          <div
            class="sc-bqyKva fItXhb"
          >
            <div
              class="sc-kstrdz ievoUe"
            >
              <button
                class="sc-crrsfI heshZZ sc-idOhPF"
                data-testid="close-dialog-button"
              >
                <svg
                  class="sc-dQppl fUdGeY"
                >
                  chevron-down.svg
                </svg>
              </button>
              <h2
                class="sc-fubCfw hYsKMV sc-fodVxV hUHUQe"
                font-size="28"
              >
                Destinations
              </h2>
            </div>
            <p
              class="sc-dlfnbm cvhbVq"
              font-size="14"
            >
              Välj destinationer för din resa. Du kan alltid ändra eller lägga till flera vid ett senare tillfälle.
            </p>
          </div>
          <p
            class="sc-dlfnbm dJtete"
            font-size="18"
          >
            Från
          </p>
          <div
            class="sc-fFubgz ifWsfu"
          >
            <input
              class="sc-jSgupP begQqE"
              data-testid="from-input"
              value=""
            />
          </div>
          <p
            class="sc-dlfnbm dJtete sc-hBEYos iTMrrR"
            font-size="18"
          >
            Till
          </p>
          <div
            class="sc-fFubgz ifWsfu"
          >
            <input
              class="sc-jSgupP begQqE"
              data-testid="to-input"
              value=""
            />
          </div>
        </span>
        <button
          class="sc-gKsewC joGfoR sc-bkzZxe lhqPIK"
        >
          Namnge din resa
        </button>
      </div>
    </div>
  </div>
</DocumentFragment>
`;
