// Jest Snapshot v1, https://goo.gl/fbAQLP

exports[`<Dialog /> should match snapshot 1`] = `
<div
  className="sc-dlfnbm btOeIK"
  data-testid="dialog-wrapper"
>
  <div
    className="sc-hKgILt gqrVIr"
  >
    <button
      className="sc-bdfBwQ uLnZs sc-eCssSg ghFAtm"
      data-testid="close-dialog-button"
      onClick={[Function]}
    >
      <svg
        className="sc-gsTCUz qFatG"
      >
        x.svg
      </svg>
    </button>
    <div
      className="sc-pFZIQ cQspGf"
    >
      <p
        className="sc-jSgupP lewlnh"
        fontSize={18}
      >
        From
      </p>
      <input
        className="sc-fubCfw iblOWB"
        onBlur={[Function]}
        onChange={[Function]}
        onFocus={[Function]}
        value=""
      />
      <br />
      <p
        className="sc-jSgupP lewlnh"
        fontSize={18}
      >
        To
      </p>
      <input
        className="sc-fubCfw iblOWB"
        onBlur={[Function]}
        onChange={[Function]}
        onFocus={[Function]}
        value=""
      />
      <br />
      <br />
      <button
        onClick={[Function]}
      >
        Save
      </button>
    </div>
  </div>
</div>
`;
