// Jest Snapshot v1, https://goo.gl/fbAQLP

exports[`<DepartureBox /> snapshots should match snapshot 1`] = `
<div
  className="sc-iBPRYJ HCnjh"
  style={Object {}}
>
  <div
    className="sc-fubCfw hIKVhW"
    style={Object {}}
  >
    <span
      style={Object {}}
    >
      <h1
        className="sc-bdfBwQ UZuHf"
        color="#FFFFFF"
        fontSize={18}
        fontWeight={500}
        style={Object {}}
      >
        Departs from
      </h1>
    </span>
    <div
      className="sc-dQppl dWSjyx"
    >
      <svg
        className="sc-crrsfI gWLlXM"
      >
        train.svg
      </svg>
      <h2
        className="sc-gsTCUz htLLms"
        color="#FFFFFF"
        fontSize={28}
        fontWeight={500}
      />
    </div>
  </div>
  <div
    className="sc-pFZIQ hxExeM"
  >
    <div
      className="sc-jrAGrp jzTLuk"
      style={Object {}}
    >
      <p
        className="sc-gKsewC bMoIAp"
        color="#FFFFFF"
        fontSize={14}
        fontWeight={500}
        style={Object {}}
      >
        Platform
      </p>
      <p
        className="sc-gKsewC iTDTZO sc-iqHYGH jyHRlY"
        color="#FFFFFF"
        fontSize={24}
        fontWeight={500}
        style={Object {}}
      >
        Test Track
      </p>
    </div>
    <div
      className="sc-kEjbxe bnNZBb"
      style={Object {}}
    >
      <p
        className="sc-gKsewC bMoIAp"
        color="#FFFFFF"
        fontSize={14}
        fontWeight={500}
        style={Object {}}
      >
        Destination name
      </p>
      <p
        className="sc-gKsewC iTDTZO sc-iqHYGH jyHRlY"
        color="#FFFFFF"
        fontSize={24}
        fontWeight={500}
        style={Object {}}
      >
        Test name
      </p>
    </div>
  </div>
</div>
`;
