// Jest Snapshot v1, https://goo.gl/fbAQLP

exports[`<TripListItem /> should match snapshot 1`] = `
<DocumentFragment>
  <button
    class="sc-jrAGrp kXgntB"
  >
    <div
      class="sc-kEjbxe ilXVtb"
    >
      <h2
        class="sc-jSgupP gKCGei sc-iqHYGH gbtLxu"
        color="#ffffff"
        font-size="14"
        font-weight="700"
      >
        TestName
      </h2>
    </div>
    <div
      class="sc-crrsfI cMVKCz"
    >
      <div
        class="sc-gsTCUz jEuoeG"
      >
        <div
          class="sc-hKgILt cRObAw"
        >
          A
        </div>
        <div
          class="sc-dlfnbm jpJEQU"
        />
        <div
          class="sc-dlfnbm jpJEQU"
        />
        <div
          class="sc-dlfnbm jpJEQU"
        />
        <div
          class="sc-dlfnbm jpJEQU"
        />
        <div
          class="sc-hKgILt cRObAw"
        >
          B
        </div>
      </div>
      <div
        class="sc-dQppl eIQGKt"
      >
        <p
          class="sc-bdfBwQ INFXx"
          color="#2f2e41"
          font-size="14"
          font-weight="500"
        >
          Origin name
        </p>
        <p
          class="sc-bdfBwQ INFXx"
          color="#2f2e41"
          font-size="14"
          font-weight="500"
        >
          Destination Name
        </p>
      </div>
    </div>
  </button>
</DocumentFragment>
`;
