// Jest Snapshot v1, https://goo.gl/fbAQLP

exports[`<TripListItem /> should match snapshot 1`] = `
<DocumentFragment>
  <div
    class="sc-iBPRYJ knujsz"
  >
    <div
      class="sc-fubCfw ddOmTr"
    >
      <h2
        class="sc-dlfnbm eUaCMe sc-pFZIQ kDdNWY"
        color="#ffffff"
        font-size="14"
        font-weight="700"
      >
        TestName
      </h2>
    </div>
    <div
      class="sc-jrAGrp eRxMdU"
    >
      <div
        class="sc-kEjbxe ddexNR"
      >
        <div
          class="sc-crrsfI fwnaXW"
        >
          A
        </div>
        <div
          class="sc-iqHYGH jwPjnl"
        />
        <div
          class="sc-iqHYGH jwPjnl"
        />
        <div
          class="sc-iqHYGH jwPjnl"
        />
        <div
          class="sc-iqHYGH jwPjnl"
        />
        <div
          class="sc-crrsfI fwnaXW"
        >
          B
        </div>
      </div>
      <div
        class="sc-dQppl eIQGKt"
      >
        <p
          class="sc-bdfBwQ INFXx"
          color="#2f2e41"
          font-size="14"
          font-weight="500"
        >
          Origin name
        </p>
        <p
          class="sc-bdfBwQ INFXx"
          color="#2f2e41"
          font-size="14"
          font-weight="500"
        >
          Destination Name
        </p>
      </div>
    </div>
  </div>
</DocumentFragment>
`;
