// Jest Snapshot v1, https://goo.gl/fbAQLP

exports[`<Departures /> should match snapshot 1`] = `
<div
  className="sc-jrAGrp hffLVH"
>
  <h2
    className="sc-jSgupP ffTEWZ"
  >
    Departures
  </h2>
  <div>
    --
    <p>
      Destination Name
    </p>
    <p>
      Origin name
    </p>
    ---
  </div>
  <a
    className="sc-gsTCUz jxAhtz"
    onClick={[Function]}
  >
    <svg
      className="sc-dlfnbm ilDCCC"
    >
      plus.svg
    </svg>
    <p
      className="sc-bdfBwQ gbRIVK sc-hKgILt SVDlr"
      color="#FFFFFF"
      fontSize={18}
    >
      Create commute trip
    </p>
  </a>
</div>
`;
