// Jest Snapshot v1, https://goo.gl/fbAQLP

exports[`<Departures /> should match snapshot 1`] = `
<div
  className="sc-gsTCUz bwEGGT"
>
  <p
    className="sc-bdfBwQ dvBDVy"
    fontSize={18}
  >
    From
  </p>
  <input
    className="sc-eCssSg cPRgtU"
    onBlur={[Function]}
    onChange={[Function]}
    onFocus={[Function]}
    value=""
  />
  <br />
  <p
    className="sc-bdfBwQ dvBDVy"
    fontSize={18}
  >
    To
  </p>
  <input
    className="sc-eCssSg cPRgtU"
    onBlur={[Function]}
    onChange={[Function]}
    onFocus={[Function]}
    value=""
  />
  <br />
  <br />
  <button
    onClick={[Function]}
  >
    Save
  </button>
  <a
    className="sc-jSgupP kerZvo"
    onClick={[Function]}
  >
    <svg
      className="sc-gKsewC cXnLtb"
    >
      plus.svg
    </svg>
    <p
      className="sc-bdfBwQ gbRIVK sc-iBPRYJ lmnfLE"
      color="#FFFFFF"
      fontSize={18}
    >
      Create commute trip
    </p>
  </a>
</div>
`;
