// Jest Snapshot v1, https://goo.gl/fbAQLP

exports[`<AddCommuteDialog /> should match snapshot 1`] = `
<div
  className="sc-jrAGrp hffLVH"
>
  <h2
    className="sc-jSgupP ehQrep sc-iqHYGH bVotdH"
    fontSize={28}
  >
    Destination
  </h2>
  <p
    className="sc-bdfBwQ QuMsF sc-crrsfI dJBLtM"
    fontSize={14}
  >
    Choose your commute trip
  </p>
  <p
    className="sc-bdfBwQ kMVXxV"
    fontSize={18}
  >
    From
  </p>
  <input
    className="sc-hKgILt jroXQp"
    onBlur={[Function]}
    onChange={[Function]}
    onFocus={[Function]}
    value=""
  />
  <p
    className="sc-bdfBwQ kMVXxV sc-kEjbxe hVozjA"
    fontSize={18}
  >
    To
  </p>
  <input
    className="sc-hKgILt jroXQp"
    onBlur={[Function]}
    onChange={[Function]}
    onFocus={[Function]}
    value=""
  />
  <button
    onClick={[Function]}
  >
    Save
  </button>
  <h2>
    error
  </h2>
</div>
`;
