// Jest Snapshot v1, https://goo.gl/fbAQLP

exports[`<AddCommuteDialog /> should match snapshot 1`] = `
<div
  className="sc-eCssSg jfCOdx"
>
  <p
    className="sc-bdfBwQ dvBDVy"
    fontSize={18}
  >
    From
  </p>
  <input
    className="sc-hKgILt bjyoFb"
    onBlur={[Function]}
    onChange={[Function]}
    onFocus={[Function]}
    value=""
  />
  <br />
  <p
    className="sc-bdfBwQ dvBDVy"
    fontSize={18}
  >
    To
  </p>
  <input
    className="sc-hKgILt bjyoFb"
    onBlur={[Function]}
    onChange={[Function]}
    onFocus={[Function]}
    value=""
  />
  <br />
  <br />
  <button
    onClick={[Function]}
  >
    Save
  </button>
</div>
`;
