// Jest Snapshot v1, https://goo.gl/fbAQLP

exports[`<MenuDotsIcon /> should match snapshot 1`] = `
<div
  className="sc-bdfBwQ hvQWz"
>
  <div
    className="sc-gsTCUz hslkzR"
  />
  <div
    className="sc-gsTCUz hslkzR"
  />
  <div
    className="sc-gsTCUz hslkzR"
  />
  <div
    className="sc-gsTCUz hslkzR"
  />
  <div
    className="sc-gsTCUz hslkzR"
  />
  <div
    className="sc-gsTCUz hslkzR"
  />
  <div
    className="sc-gsTCUz hslkzR"
  />
  <div
    className="sc-gsTCUz hslkzR"
  />
  <div
    className="sc-gsTCUz hslkzR"
  />
</div>
`;
