// Jest Snapshot v1, https://goo.gl/fbAQLP

exports[`<TimeBox /> should match snapshot 1`] = `
<div
  className="sc-iBPRYJ gBQuqu"
>
  <div
    className="sc-fubCfw hCyCsd"
  >
    <div
      className="sc-kEjbxe gXsult"
    >
      <svg
        className="sc-iqHYGH dvCyjA"
      >
        map-pin.svg
      </svg>
      <p
        className="sc-gKsewC inetcg"
        color="#719FB0"
        fontSize={14}
        fontWeight={700}
      >
        location
      </p>
    </div>
    <div
      className="sc-pFZIQ nhztm"
    >
      <h2
        className="sc-gsTCUz gXSMrj"
        color="#719FB0"
        fontSize={48}
        fontWeight={700}
      >
        13:37
      </h2>
    </div>
    <p
      className="sc-gKsewC inetcg"
      color="#719FB0"
      fontSize={14}
      fontWeight={700}
    >
      in 35 minutes 
    </p>
  </div>
  <div
    className="sc-crrsfI hiXqPz"
  >
    <div
      className="sc-dQppl gSNhSP"
    >
      <p
        className="sc-gKsewC gtcvBk"
        color="#FFFFFF"
        fontSize={14}
        fontWeight={400}
      >
        15
      </p>
    </div>
    <p
      className="sc-gKsewC eCnwPF"
      fontSize={14}
      fontWeight={500}
    >
      hissinge
    </p>
  </div>
</div>
`;
